Godot Engine v4.7.stable.official.5b4e0cb0f - https://godotengine.org

[   0% ] first_scan_filesystem | Started Инициализация проекта (5 steps)
[   0% ] first_scan_filesystem | Сканирование структуры файлов…
[  16% ] first_scan_filesystem | Загрузка глобальных имен классов…
[  33% ] first_scan_filesystem | Проверка GDExtensions…
[  50% ] first_scan_filesystem | Создание скриптов автозагрузки…
[  66% ] first_scan_filesystem | Инициализация плагинов…
[  83% ] first_scan_filesystem | Начало сканирование файлов…
[ DONE ] first_scan_filesystem

[   0% ] update_scripts_classes | Started Регистрация глобальных классов… (8 steps)
[   0% ] update_scripts_classes | DirectionalSprite3D
[  11% ] update_scripts_classes | 
[  22% ] update_scripts_classes | 
[  33% ] update_scripts_classes | 
[  44% ] update_scripts_classes | 
[  55% ] update_scripts_classes | DeveloperVisualSettings
[  66% ] update_scripts_classes | 
[  77% ] update_scripts_classes | PauseMenuConstants
[ DONE ] update_scripts_classes

[   0% ] _update_scan_actions | Started Сканирование действий… (7 steps)
[   0% ] _update_scan_actions | idle_01.png
[  12% ] _update_scan_actions | idle_02.png
[  25% ] _update_scan_actions | idle_03.png
[  37% ] _update_scan_actions | idle_04.png
[  50% ] _update_scan_actions | idle_05.png
[  62% ] _update_scan_actions | idle_06.png
[  75% ] _update_scan_actions | idle_back_sheet_6x1.png
[ DONE ] _update_scan_actions

[   0% ] reimport | Started Импорт или повторный импорт ассетов (7 steps)
[   0% ] reimport | Подготовка файлов к повторному импорту…
[  12% ] reimport | Подготовка файлов к повторному импорту…
[  25% ] reimport | Подготовка файлов к повторному импорту…
[  37% ] reimport | Подготовка файлов к повторному импорту…
[  50% ] reimport | Подготовка файлов к повторному импорту…
[  62% ] reimport | Подготовка файлов к повторному импорту…
[  75% ] reimport | Подготовка файлов к повторному импорту…
[   0% ] reimport | Выполнение предимпортных операций…
[   0% ] reimport | idle_01.png
[  12% ] reimport | idle_02.png
[  25% ] reimport | idle_03.png
[  37% ] reimport | idle_04.png
[  50% ] reimport | idle_05.png
[  62% ] reimport | idle_06.png
[  75% ] reimport | idle_back_sheet_6x1.png
[  87% ] reimport | Завершение импорта активов…
[ DONE ] reimport

[   0% ] reimport | Started Импорт или повторный импорт ассетов (7 steps)
[   0% ] reimport | Выполнение операций после реимпорта…
[ DONE ] reimport

[   0% ] loading_editor_layout | Started Загрузка редактора (5 steps)
[   0% ] loading_editor_layout | Загрузка макета редактора…
[  16% ] loading_editor_layout | Загрузка док-панели…
[  33% ] loading_editor_layout | Повторное открытие сцен…
[  50% ] loading_editor_layout | Загрузка макета центрального редактора…
[  66% ] loading_editor_layout | Загрузка макета окна плагина…
[  83% ] loading_editor_layout | Макет редактора готов.
[ DONE ] loading_editor_layout

ERROR: Cannot save file 'C:/Users/mrkaz/AppData/Roaming/Godot/editor_settings-4.7.tres'.
   at: save (scene/resources/resource_format_text.cpp:1768)
ERROR: Error saving editor settings to C:/Users/mrkaz/AppData/Roaming/Godot/editor_settings-4.7.tres
   at: save (editor/settings/editor_settings.cpp:1525)
